// Vitest Snapshot v1, https://vitest.dev/guide/snapshot.html

exports[`Light Account Client Tests > should correctly do runtime validation when connection config is invalid 1`] = `
[ZodError: [
  {
    "code": "invalid_union",
    "unionErrors": [
      {
        "issues": [
          {
            "code": "invalid_type",
            "expected": "never",
            "received": "number",
            "path": [
              "rpcUrl"
            ],
            "message": "Expected never, received number"
          },
          {
            "code": "invalid_type",
            "expected": "string",
            "received": "undefined",
            "path": [
              "apiKey"
            ],
            "message": "Required"
          }
        ],
        "name": "ZodError"
      },
      {
        "issues": [
          {
            "code": "invalid_type",
            "expected": "never",
            "received": "number",
            "path": [
              "rpcUrl"
            ],
            "message": "Expected never, received number"
          },
          {
            "code": "invalid_type",
            "expected": "string",
            "received": "undefined",
            "path": [
              "jwt"
            ],
            "message": "Required"
          }
        ],
        "name": "ZodError"
      },
      {
        "issues": [
          {
            "code": "invalid_type",
            "expected": "string",
            "received": "number",
            "path": [
              "rpcUrl"
            ],
            "message": "Expected string, received number"
          }
        ],
        "name": "ZodError"
      },
      {
        "issues": [
          {
            "code": "invalid_type",
            "expected": "string",
            "received": "number",
            "path": [
              "rpcUrl"
            ],
            "message": "Expected string, received number"
          },
          {
            "code": "invalid_type",
            "expected": "string",
            "received": "undefined",
            "path": [
              "jwt"
            ],
            "message": "Required"
          }
        ],
        "name": "ZodError"
      }
    ],
    "path": [],
    "message": "Invalid input"
  }
]]
`;
